2020/04/28 周二 
11:16

主机名:           ZHOU
OS 名称:          Microsoft Windows 10 家庭版
OS 版本:          10.0.18363 暂缺 Build 18363
OS 制造商:        Microsoft Corporation
OS 配置:          独立工作站
OS 构件类型:      Multiprocessor Free
注册的所有人:     Windows 用户
注册的组织:       
产品 ID:          00326-10000-00000-AA027
初始安装日期:     2019/11/26, 17:34:16
系统启动时间:     2020/4/27, 19:20:39
系统制造商:       Dell Inc.
系统型号:         Inspiron 5577
系统类型:         x64-based PC
处理器:           安装了 1 个处理器。
                  [01]: Intel64 Family 6 Model 158 Stepping 9 GenuineIntel ~2501 Mhz
BIOS 版本:        Dell Inc. 1.0.5, 2017/6/23
Windows 目录:     C:\WINDOWS
系统目录:         C:\WINDOWS\system32
启动设备:         \Device\HarddiskVolume3
系统区域设置:     zh-cn;中文(中国)
输入法区域设置:   zh-cn;中文(中国)
时区:             (UTC+08:00) 北京，重庆，香港特别行政区，乌鲁木齐
物理内存总量:     8,054 MB
可用的物理内存:   2,367 MB
虚拟内存: 最大值: 14,966 MB
虚拟内存: 可用:   5,341 MB
虚拟内存: 使用中: 9,625 MB
页面文件位置:     E:\pagefile.sys
域:               WORKGROUP
登录服务器:       \\ZHOU
修补程序:         安装了 10 个修补程序。
                  [01]: KB4537572
                  [02]: KB4516115
                  [03]: KB4517245
                  [04]: KB4524569
                  [05]: KB4528759
                  [06]: KB4537759
                  [07]: KB4538674
                  [08]: KB4541338
                  [09]: KB4552152
                  [10]: KB4549951
网卡:             安装了 8 个 NIC。
                  [01]: Sangfor SSL VPN CS Support System VNIC
                      连接名:      以太网 2
                      状态:        媒体连接已中断
                  [02]: VMware Virtual Ethernet Adapter for VMnet1
                      连接名:      VMware Network Adapter VMnet1
                      启用 DHCP:   否
                      IP 地址
                        [01]: 192.168.137.1
                  [03]: TAP-Windows Adapter V9
                      连接名:      以太网 3
                      启用 DHCP:   是
                      DHCP 服务器: 10.111.114.1
                      IP 地址
                        [01]: 10.111.114.2
                        [02]: fe80::5914:7fc2:56fe:3271
                  [04]: VMware Virtual Ethernet Adapter for VMnet8
                      连接名:      VMware Network Adapter VMnet8
                      启用 DHCP:   否
                      IP 地址
                        [01]: 192.168.217.1
                  [05]: Intel(R) Dual Band Wireless-AC 3165
                      连接名:      WLAN
                      启用 DHCP:   是
                      DHCP 服务器: 192.168.0.1
                      IP 地址
                        [01]: 192.168.0.108
                  [06]: Realtek PCIe GbE Family Controller
                      连接名:      以太网
                      状态:        媒体连接已中断
                  [07]: Bluetooth Device (Personal Area Network)
                      连接名:      蓝牙网络连接
                      状态:        媒体连接已中断
                  [08]: Microsoft Wi-Fi Direct Virtual Adapter
                      连接名:      本地连接* 12
                      启用 DHCP:   否
                      IP 地址
                        [01]: 169.254.207.206
Hyper-V 要求:     虚拟机监视器模式扩展: 是
                  固件中已启用虚拟化: 是
                  二级地址转换: 是
                  数据执行保护可用: 是
HKLM\System\CurrentControlSet\Control\Terminal Server\Wds\rdpwd\StartupPrograms
   rdpclip
     rdpclip
     RDP ???????
     Microsoft Corporation
     10.0.18362.752
     c:\windows\system32\rdpclip.exe
     1921/12/1 20:34

HKLM\SOFTWARE\Microsoft\Windows NT\CurrentVersion\Winlogon\Userinit
   C:\Windows\system32\userinit.exe
     C:\Windows\system32\userinit.exe
     Userinit ??????
     Microsoft Corporation
     10.0.18362.1
     c:\windows\system32\userinit.exe
     1940/8/17 19:07

HKLM\SOFTWARE\Microsoft\Windows NT\CurrentVersion\Winlogon\VmApplet
   SystemPropertiesPerformance.exe
     SystemPropertiesPerformance.exe
     ?????????
     Microsoft Corporation
     10.0.18362.1
     c:\windows\system32\systempropertiesperformance.exe
     1969/7/2 16:26

HKLM\SOFTWARE\Microsoft\Windows NT\CurrentVersion\Winlogon\Shell
   explorer.exe
     explorer.exe
     Windows ?????
     Microsoft Corporation
     10.0.18362.693
     c:\windows\explorer.exe
     2017/1/16 8:53

HKLM\SYSTEM\CurrentControlSet\Control\SafeBoot\AlternateShell
   cmd.exe
     cmd.exe
     Windows ??????
     Microsoft Corporation
     10.0.18362.449
     c:\windows\system32\cmd.exe
     1914/12/28 14:19

HKLM\SOFTWARE\Microsoft\Windows\CurrentVersion\Run
   SecurityHealth
     %windir%\system32\SecurityHealthSystray.exe
     Windows Security notification icon
     Microsoft Corporation
     10.0.18362.628
     c:\windows\system32\securityhealthsystray.exe
     2032/12/4 8:10
   IAStorIcon
     "C:\Program Files\Intel\Intel(R) Rapid Storage Technology\IAStorIconLaunch.exe" "C:\Program Files\Intel\Intel(R) Rapid Storage Technology\IAStorIcon.exe" 60
     Delayed launcher
     Intel Corporation
     1.0.0.1
     c:\program files\intel\intel(r) rapid storage technology\iastoriconlaunch.exe
     2017/1/6 1:01
   WavesSvc
     "C:\Program Files\Waves\MaxxAudio\WavesSvc64.exe" -Jack
     Waves MaxxAudio Service Application
     Waves Audio Ltd.
     1.15.9.0
     c:\program files\waves\maxxaudio\wavessvc64.exe
     2017/5/1 4:07

HKLM\SOFTWARE\Wow6432Node\Microsoft\Windows\CurrentVersion\Run
   vmware-tray.exe
     "D:\Program Filesa\VMware\vmware-tray.exe"
     VMware Tray Process
     VMware, Inc.
     15.1.0.46741
     d:\program filesa\vmware\vmware-tray.exe
     2019/5/5 14:30

HKLM\SOFTWARE\Microsoft\Active Setup\Installed Components
   Microsoft Windows Media Player
     %SystemRoot%\system32\unregmp2.exe /ShowWMP
     Microsoft Windows Media Player ??????
     Microsoft Corporation
     12.0.18362.1
     c:\windows\system32\unregmp2.exe
     1905/1/19 16:25
   Themes Setup
     themeui.dll
     Windows ?? API
     Microsoft Corporation
     10.0.18362.1
     c:\windows\system32\themeui.dll
     2004/6/4 0:28
   Microsoft Windows Media Player
     %SystemRoot%\system32\unregmp2.exe /FirstLogon
     Microsoft Windows Media Player ??????
     Microsoft Corporation
     12.0.18362.1
     c:\windows\system32\unregmp2.exe
     1905/1/19 16:25
   Windows Desktop Update
     shell32.dll
     Windows Shell ?? DLL
     Microsoft Corporation
     10.0.18362.719
     c:\windows\system32\shell32.dll
     2021/3/19 19:01
   Web Platform Customizations
     C:\Windows\System32\ie4uinit.exe -UserConfig
     IE ????????
     Microsoft Corporation
     11.0.18362.628
     c:\windows\system32\ie4uinit.exe
     1912/12/24 7:59
   n/a
     C:\Windows\System32\Rundll32.exe C:\Windows\System32\mscories.dll,Install
     Microsoft .NET IE SECURITY REGISTRATION
     Microsoft Corporation
     2.0.50727.9136
     c:\windows\system32\mscories.dll
     2019/3/4 20:54

HKLM\SOFTWARE\Wow6432Node\Microsoft\Active Setup\Installed Components
   Microsoft Windows Media Player
     %SystemRoot%\system32\unregmp2.exe /ShowWMP
     Microsoft Windows Media Player Setup Utility
     Microsoft Corporation
     12.0.18362.1
     c:\windows\syswow64\unregmp2.exe
     1982/6/14 6:30
   Microsoft Windows Media Player
     %SystemRoot%\system32\unregmp2.exe /FirstLogon
     Microsoft Windows Media Player Setup Utility
     Microsoft Corporation
     12.0.18362.1
     c:\windows\syswow64\unregmp2.exe
     1982/6/14 6:30
   n/a
     C:\Windows\SysWOW64\Rundll32.exe C:\Windows\SysWOW64\mscories.dll,Install
     Microsoft .NET IE SECURITY REGISTRATION
     Microsoft Corporation
     2.0.50727.9136
     c:\windows\syswow64\mscories.dll
     2019/3/5 2:12

HKLM\Software\Microsoft\Windows NT\CurrentVersion\Windows\IconServiceLib
   IconCodecService.dll
     IconCodecService.dll
     Converts a PNG part of the icon to a legacy bmp icon
     Microsoft Corporation
     10.0.18362.1
     c:\windows\system32\iconcodecservice.dll
     1943/11/28 10:47

HKCU\SOFTWARE\Microsoft\Windows\CurrentVersion\Run
   iCloudServices
     "C:\Program Files (x86)\Common Files\Apple\Internet Services\iCloudServices.exe"
     iCloud Services
     Apple Inc.
     73.0.0.76
     c:\program files (x86)\common files\apple\internet services\icloudservices.exe
     2018/6/23 18:02
   WallpaperEngine
     "F:\SteamLibrary\steamapps\common\wallpaper_engine\wallpaper32.exe" -silent
     1.0.0.0
     f:\steamlibrary\steamapps\common\wallpaper_engine\wallpaper32.exe
     2020/2/14 21:27
   AppleIEDAV
     C:\Program Files (x86)\Common Files\Apple\Internet Services\AppleIEDAV.exe
     iCloud IE Bookmarks
     Apple Inc.
     2.1.15.85
     c:\program files (x86)\common files\apple\internet services\appleiedav.exe
     2018/6/23 18:02
   ApplePhotoStreams
     C:\Program Files (x86)\Common Files\Apple\Internet Services\ApplePhotoStreams.exe
     iCloud Photo Stream
     Apple Inc.
     69.1.0.2
     c:\program files (x86)\common files\apple\internet services\applephotostreams.exe
     2018/6/23 18:02
   iCloudPhotos
     C:\Program Files (x86)\Common Files\Apple\Internet Services\iCloudPhotos.exe
     iCloud Photo Library
     Apple Inc.
     159.0.0.25
     c:\program files (x86)\common files\apple\internet services\icloudphotos.exe
     2018/6/23 18:02
   iCloudDrive
     C:\Program Files (x86)\Common Files\Apple\Internet Services\iCloudDrive.exe
     iCloud Drive
     Apple Inc.
     1.7.28.85
     c:\program files (x86)\common files\apple\internet services\iclouddrive.exe
     2018/6/23 18:02

HKCU\SOFTWARE\Microsoft\Windows\CurrentVersion\Run
   iCloudServices
     "C:\Program Files (x86)\Common Files\Apple\Internet Services\iCloudServices.exe"
     iCloud Services
     Apple Inc.
     73.0.0.76
     c:\program files (x86)\common files\apple\internet services\icloudservices.exe
     2018/6/23 18:02
   WallpaperEngine
     "F:\SteamLibrary\steamapps\common\wallpaper_engine\wallpaper32.exe" -silent
     1.0.0.0
     f:\steamlibrary\steamapps\common\wallpaper_engine\wallpaper32.exe
     2020/2/14 21:27
   AppleIEDAV
     C:\Program Files (x86)\Common Files\Apple\Internet Services\AppleIEDAV.exe
     iCloud IE Bookmarks
     Apple Inc.
     2.1.15.85
     c:\program files (x86)\common files\apple\internet services\appleiedav.exe
     2018/6/23 18:02
   ApplePhotoStreams
     C:\Program Files (x86)\Common Files\Apple\Internet Services\ApplePhotoStreams.exe
     iCloud Photo Stream
     Apple Inc.
     69.1.0.2
     c:\program files (x86)\common files\apple\internet services\applephotostreams.exe
     2018/6/23 18:02
   iCloudPhotos
     C:\Program Files (x86)\Common Files\Apple\Internet Services\iCloudPhotos.exe
     iCloud Photo Library
     Apple Inc.
     159.0.0.25
     c:\program files (x86)\common files\apple\internet services\icloudphotos.exe
     2018/6/23 18:02
   iCloudDrive
     C:\Program Files (x86)\Common Files\Apple\Internet Services\iCloudDrive.exe
     iCloud Drive
     Apple Inc.
     1.7.28.85
     c:\program files (x86)\common files\apple\internet services\iclouddrive.exe
     2018/6/23 18:02

Windows IP 配置

   主机名  . . . . . . . . . . . . . : Zhou
   主 DNS 后缀 . . . . . . . . . . . : 
   节点类型  . . . . . . . . . . . . : 混合
   IP 路由已启用 . . . . . . . . . . : 否
   WINS 代理已启用 . . . . . . . . . : 否

以太网适配器 以太网:

   媒体状态  . . . . . . . . . . . . : 媒体已断开连接
   连接特定的 DNS 后缀 . . . . . . . : 
   描述. . . . . . . . . . . . . . . : Realtek PCIe GBE Family Controller
   物理地址. . . . . . . . . . . . . : F4-8E-38-F4-80-3E
   DHCP 已启用 . . . . . . . . . . . : 是
   自动配置已启用. . . . . . . . . . : 是

无线局域网适配器 本地连接* 1:

   媒体状态  . . . . . . . . . . . . : 媒体已断开连接
   连接特定的 DNS 后缀 . . . . . . . : 
   描述. . . . . . . . . . . . . . . : Microsoft Wi-Fi Direct Virtual Adapter
   物理地址. . . . . . . . . . . . . : BC-A8-A6-5E-64-0C
   DHCP 已启用 . . . . . . . . . . . : 是
   自动配置已启用. . . . . . . . . . : 是

以太网适配器 以太网 3:

   连接特定的 DNS 后缀 . . . . . . . : 
   描述. . . . . . . . . . . . . . . : TAP-Windows Adapter V9
   物理地址. . . . . . . . . . . . . : 00-FF-93-CE-31-E1
   DHCP 已启用 . . . . . . . . . . . : 是
   自动配置已启用. . . . . . . . . . : 是
   本地链接 IPv6 地址. . . . . . . . : fe80::5914:7fc2:56fe:3271%15(首选) 
   IPv4 地址 . . . . . . . . . . . . : 10.111.114.2(首选) 
   子网掩码  . . . . . . . . . . . . : 255.255.255.0
   获得租约的时间  . . . . . . . . . : 2020年4月28日 10:06:45
   租约过期的时间  . . . . . . . . . : 2088年5月15日 22:34:45
   默认网关. . . . . . . . . . . . . : 
   DHCP 服务器 . . . . . . . . . . . : 10.111.114.1
   DHCPv6 IAID . . . . . . . . . . . : 251723667
   DHCPv6 客户端 DUID  . . . . . . . : 00-01-00-01-21-D6-72-CF-F4-8E-38-F4-80-3E
   DNS 服务器  . . . . . . . . . . . : fec0:0:0:ffff::1%1
                                       fec0:0:0:ffff::2%1
                                       fec0:0:0:ffff::3%1
   TCPIP 上的 NetBIOS  . . . . . . . : 已启用

以太网适配器 VMware Network Adapter VMnet1:

   连接特定的 DNS 后缀 . . . . . . . : 
   描述. . . . . . . . . . . . . . . : VMware Virtual Ethernet Adapter for VMnet1
   物理地址. . . . . . . . . . . . . : 00-50-56-C0-00-01
   DHCP 已启用 . . . . . . . . . . . : 否
   自动配置已启用. . . . . . . . . . : 是
   IPv4 地址 . . . . . . . . . . . . : 192.168.137.1(首选) 
   子网掩码  . . . . . . . . . . . . : 255.255.255.0
   默认网关. . . . . . . . . . . . . : 
   TCPIP 上的 NetBIOS  . . . . . . . : 已启用

以太网适配器 VMware Network Adapter VMnet8:

   连接特定的 DNS 后缀 . . . . . . . : 
   描述. . . . . . . . . . . . . . . : VMware Virtual Ethernet Adapter for VMnet8
   物理地址. . . . . . . . . . . . . : 00-50-56-C0-00-08
   DHCP 已启用 . . . . . . . . . . . : 否
   自动配置已启用. . . . . . . . . . : 是
   IPv4 地址 . . . . . . . . . . . . : 192.168.217.1(首选) 
   子网掩码  . . . . . . . . . . . . : 255.255.255.0
   默认网关. . . . . . . . . . . . . : 
   TCPIP 上的 NetBIOS  . . . . . . . : 已启用

无线局域网适配器 WLAN:

   连接特定的 DNS 后缀 . . . . . . . : 
   描述. . . . . . . . . . . . . . . : Intel(R) Dual Band Wireless-AC 3165
   物理地址. . . . . . . . . . . . . : BC-A8-A6-5E-64-0B
   DHCP 已启用 . . . . . . . . . . . : 是
   自动配置已启用. . . . . . . . . . : 是
   IPv4 地址 . . . . . . . . . . . . : 192.168.0.108(首选) 
   子网掩码  . . . . . . . . . . . . : 255.255.255.0
   获得租约的时间  . . . . . . . . . : 2020年4月28日 9:30:35
   租约过期的时间  . . . . . . . . . : 2020年4月28日 13:30:34
   默认网关. . . . . . . . . . . . . : 192.168.0.1
   DHCP 服务器 . . . . . . . . . . . : 192.168.0.1
   DNS 服务器  . . . . . . . . . . . : 192.168.1.1
                                       192.168.0.1
   TCPIP 上的 NetBIOS  . . . . . . . : 已启用

以太网适配器 以太网 2:

   媒体状态  . . . . . . . . . . . . : 媒体已断开连接
   连接特定的 DNS 后缀 . . . . . . . : 
   描述. . . . . . . . . . . . . . . : Sangfor SSL VPN CS Support System VNIC
   物理地址. . . . . . . . . . . . . : 00-FF-6B-6D-1A-73
   DHCP 已启用 . . . . . . . . . . . : 否
   自动配置已启用. . . . . . . . . . : 是

无线局域网适配器 本地连接* 12:

   连接特定的 DNS 后缀 . . . . . . . : 
   描述. . . . . . . . . . . . . . . : Microsoft Wi-Fi Direct Virtual Adapter #2
   物理地址. . . . . . . . . . . . . : BE-A8-A6-5E-64-0B
   DHCP 已启用 . . . . . . . . . . . : 否
   自动配置已启用. . . . . . . . . . : 是
   自动配置 IPv4 地址  . . . . . . . : 169.254.207.206(首选) 
   子网掩码  . . . . . . . . . . . . : 255.255.0.0
   默认网关. . . . . . . . . . . . . : 
   TCPIP 上的 NetBIOS  . . . . . . . : 已启用

以太网适配器 蓝牙网络连接:

   媒体状态  . . . . . . . . . . . . : 媒体已断开连接
   连接特定的 DNS 后缀 . . . . . . . : 
   描述. . . . . . . . . . . . . . . : Bluetooth Device (Personal Area Network)
   物理地址. . . . . . . . . . . . . : BC-A8-A6-5E-64-0F
   DHCP 已启用 . . . . . . . . . . . : 是
   自动配置已启用. . . . . . . . . . : 是
===========================================================================
接口列表
  7...f4 8e 38 f4 80 3e ......Realtek PCIe GBE Family Controller
  9...bc a8 a6 5e 64 0c ......Microsoft Wi-Fi Direct Virtual Adapter
 15...00 ff 93 ce 31 e1 ......TAP-Windows Adapter V9
 13...00 50 56 c0 00 01 ......VMware Virtual Ethernet Adapter for VMnet1
 24...00 50 56 c0 00 08 ......VMware Virtual Ethernet Adapter for VMnet8
 12...bc a8 a6 5e 64 0b ......Intel(R) Dual Band Wireless-AC 3165
  8...00 ff 6b 6d 1a 73 ......Sangfor SSL VPN CS Support System VNIC
 18...be a8 a6 5e 64 0b ......Microsoft Wi-Fi Direct Virtual Adapter #2
 11...bc a8 a6 5e 64 0f ......Bluetooth Device (Personal Area Network)
  1...........................Software Loopback Interface 1
===========================================================================

IPv4 路由表
===========================================================================
活动路由:
网络目标        网络掩码          网关       接口   跃点数
          0.0.0.0          0.0.0.0      192.168.0.1    192.168.0.108     35
     2.18.117.193  255.255.255.255     10.111.114.1     10.111.114.2     36
      2.19.120.26  255.255.255.255     10.111.114.1     10.111.114.2     36
      2.19.228.47  255.255.255.255     10.111.114.1     10.111.114.2     36
      2.20.228.20  255.255.255.255     10.111.114.1     10.111.114.2     36
       2.21.53.13  255.255.255.255     10.111.114.1     10.111.114.2     36
      2.23.27.214  255.255.255.255     10.111.114.1     10.111.114.2     36
     10.111.114.0    255.255.255.0            在链路上      10.111.114.2    291
     10.111.114.2  255.255.255.255            在链路上      10.111.114.2    291
   10.111.114.255  255.255.255.255            在链路上      10.111.114.2    291
       23.0.52.83  255.255.255.255     10.111.114.1     10.111.114.2     36
      23.6.16.151  255.255.255.255     10.111.114.1     10.111.114.2     36
      23.6.31.151  255.255.255.255     10.111.114.1     10.111.114.2     36
      23.7.208.32  255.255.255.255     10.111.114.1     10.111.114.2     36
      23.8.10.122  255.255.255.255     10.111.114.1     10.111.114.2     36
       23.8.99.41  255.255.255.255     10.111.114.1     10.111.114.2     36
     23.8.230.158  255.255.255.255     10.111.114.1     10.111.114.2     36
     23.9.179.114  255.255.255.255     10.111.114.1     10.111.114.2     36
      23.9.186.33  255.255.255.255     10.111.114.1     10.111.114.2     36
      23.10.7.153  255.255.255.255     10.111.114.1     10.111.114.2     36
     23.10.15.208  255.255.255.255     10.111.114.1     10.111.114.2     36
     23.10.31.125  255.255.255.255     10.111.114.1     10.111.114.2     36
      23.11.63.41  255.255.255.255     10.111.114.1     10.111.114.2     36
     23.11.63.202  255.255.255.255     10.111.114.1     10.111.114.2     36
     23.13.137.99  255.255.255.255     10.111.114.1     10.111.114.2     36
      23.14.207.7  255.255.255.255     10.111.114.1     10.111.114.2     36
     23.15.19.167  255.255.255.255     10.111.114.1     10.111.114.2     36
     23.15.28.249  255.255.255.255     10.111.114.1     10.111.114.2     36
     23.15.99.133  255.255.255.255     10.111.114.1     10.111.114.2     36
     23.15.109.78  255.255.255.255     10.111.114.1     10.111.114.2     36
    23.15.109.209  255.255.255.255     10.111.114.1     10.111.114.2     36
    23.15.250.229  255.255.255.255     10.111.114.1     10.111.114.2     36
     23.36.98.200  255.255.255.255     10.111.114.1     10.111.114.2     36
    23.36.103.169  255.255.255.255     10.111.114.1     10.111.114.2     36
      23.37.48.26  255.255.255.255     10.111.114.1     10.111.114.2     36
     23.38.241.29  255.255.255.255     10.111.114.1     10.111.114.2     36
     23.41.36.149  255.255.255.255     10.111.114.1     10.111.114.2     36
      23.42.41.71  255.255.255.255     10.111.114.1     10.111.114.2     36
     23.42.45.238  255.255.255.255     10.111.114.1     10.111.114.2     36
     23.42.101.76  255.255.255.255     10.111.114.1     10.111.114.2     36
    23.42.109.118  255.255.255.255     10.111.114.1     10.111.114.2     36
    23.43.141.113  255.255.255.255     10.111.114.1     10.111.114.2     36
    23.47.143.117  255.255.255.255     10.111.114.1     10.111.114.2     36
      23.49.6.171  255.255.255.255     10.111.114.1     10.111.114.2     36
      23.49.19.66  255.255.255.255     10.111.114.1     10.111.114.2     36
      23.49.21.59  255.255.255.255     10.111.114.1     10.111.114.2     36
      23.49.28.73  255.255.255.255     10.111.114.1     10.111.114.2     36
     23.50.24.118  255.255.255.255     10.111.114.1     10.111.114.2     36
     23.51.32.200  255.255.255.255     10.111.114.1     10.111.114.2     36
    23.51.140.205  255.255.255.255     10.111.114.1     10.111.114.2     36
    23.51.141.152  255.255.255.255     10.111.114.1     10.111.114.2     36
     23.52.74.150  255.255.255.255     10.111.114.1     10.111.114.2     36
    23.53.197.168  255.255.255.255     10.111.114.1     10.111.114.2     36
    23.59.133.245  255.255.255.255     10.111.114.1     10.111.114.2     36
     23.59.192.74  255.255.255.255     10.111.114.1     10.111.114.2     36
    23.59.192.102  255.255.255.255     10.111.114.1     10.111.114.2     36
    23.66.132.171  255.255.255.255     10.111.114.1     10.111.114.2     36
    23.66.242.163  255.255.255.255     10.111.114.1     10.111.114.2     36
     23.66.246.86  255.255.255.255     10.111.114.1     10.111.114.2     36
    23.66.252.200  255.255.255.255     10.111.114.1     10.111.114.2     36
     23.66.254.61  255.255.255.255     10.111.114.1     10.111.114.2     36
     23.66.254.86  255.255.255.255     10.111.114.1     10.111.114.2     36
      23.67.7.241  255.255.255.255     10.111.114.1     10.111.114.2     36
      23.67.8.203  255.255.255.255     10.111.114.1     10.111.114.2     36
      23.67.8.250  255.255.255.255     10.111.114.1     10.111.114.2     36
      23.67.13.71  255.255.255.255     10.111.114.1     10.111.114.2     36
    23.74.168.156  255.255.255.255     10.111.114.1     10.111.114.2     36
    23.74.225.235  255.255.255.255     10.111.114.1     10.111.114.2     36
    23.76.164.213  255.255.255.255     10.111.114.1     10.111.114.2     36
    23.76.165.115  255.255.255.255     10.111.114.1     10.111.114.2     36
     23.76.175.39  255.255.255.255     10.111.114.1     10.111.114.2     36
     23.76.190.86  255.255.255.255     10.111.114.1     10.111.114.2     36
    23.76.210.158  255.255.255.255     10.111.114.1     10.111.114.2     36
      23.77.27.52  255.255.255.255     10.111.114.1     10.111.114.2     36
      23.78.6.131  255.255.255.255     10.111.114.1     10.111.114.2     36
    23.79.177.142  255.255.255.255     10.111.114.1     10.111.114.2     65
    23.199.154.98  255.255.255.255     10.111.114.1     10.111.114.2     36
   23.200.233.143  255.255.255.255     10.111.114.1     10.111.114.2     36
   23.200.235.210  255.255.255.255     10.111.114.1     10.111.114.2     36
   23.212.121.131  255.255.255.255     10.111.114.1     10.111.114.2     36
    23.212.137.93  255.255.255.255     10.111.114.1     10.111.114.2     36
   23.212.167.187  255.255.255.255     10.111.114.1     10.111.114.2     36
    23.218.133.61  255.255.255.255     10.111.114.1     10.111.114.2     36
    23.221.76.171  255.255.255.255     10.111.114.1     10.111.114.2     36
       31.13.64.1  255.255.255.255     10.111.114.1     10.111.114.2     65
      31.13.64.49  255.255.255.255     10.111.114.1     10.111.114.2     65
      31.13.69.33  255.255.255.255     10.111.114.1     10.111.114.2     65
     31.13.69.129  255.255.255.255     10.111.114.1     10.111.114.2     65
       31.13.70.1  255.255.255.255     10.111.114.1     10.111.114.2     65
       31.13.72.1  255.255.255.255     10.111.114.1     10.111.114.2     65
      31.13.77.33  255.255.255.255     10.111.114.1     10.111.114.2     65
      31.13.78.65  255.255.255.255     10.111.114.1     10.111.114.2     65
      31.13.83.16  255.255.255.255     10.111.114.1     10.111.114.2     65
    66.220.147.44  255.255.255.255     10.111.114.1     10.111.114.2     65
    66.220.147.47  255.255.255.255     10.111.114.1     10.111.114.2     65
    66.220.149.32  255.255.255.255     10.111.114.1     10.111.114.2     65
    66.220.149.99  255.255.255.255     10.111.114.1     10.111.114.2     65
    66.220.151.20  255.255.255.255     10.111.114.1     10.111.114.2     65
    67.228.74.123  255.255.255.255     10.111.114.1     10.111.114.2     65
    67.228.126.62  255.255.255.255     10.111.114.1     10.111.114.2     65
    67.228.235.93  255.255.255.255     10.111.114.1     10.111.114.2     65
    69.63.176.143  255.255.255.255     10.111.114.1     10.111.114.2     65
    69.63.180.173  255.255.255.255     10.111.114.1     10.111.114.2     65
    69.171.224.40  255.255.255.255     10.111.114.1     10.111.114.2     65
    69.171.225.13  255.255.255.255     10.111.114.1     10.111.114.2     65
    69.171.227.37  255.255.255.255     10.111.114.1     10.111.114.2     65
    69.171.229.11  255.255.255.255     10.111.114.1     10.111.114.2     65
    69.171.229.28  255.255.255.255     10.111.114.1     10.111.114.2     65
    69.171.233.24  255.255.255.255     10.111.114.1     10.111.114.2     65
    69.171.233.33  255.255.255.255     10.111.114.1     10.111.114.2     65
    69.171.242.30  255.255.255.255     10.111.114.1     10.111.114.2     65
    69.171.244.11  255.255.255.255     10.111.114.1     10.111.114.2     65
    69.171.244.12  255.255.255.255     10.111.114.1     10.111.114.2     65
    69.171.244.15  255.255.255.255     10.111.114.1     10.111.114.2     65
    69.171.245.49  255.255.255.255     10.111.114.1     10.111.114.2     65
     69.171.246.9  255.255.255.255     10.111.114.1     10.111.114.2     65
    69.171.247.20  255.255.255.255     10.111.114.1     10.111.114.2     65
    69.171.247.32  255.255.255.255     10.111.114.1     10.111.114.2     65
    72.247.118.76  255.255.255.255     10.111.114.1     10.111.114.2     36
     74.86.118.24  255.255.255.255     10.111.114.1     10.111.114.2     65
     74.86.142.55  255.255.255.255     10.111.114.1     10.111.114.2     65
   88.221.229.190  255.255.255.255     10.111.114.1     10.111.114.2     36
      96.6.13.130  255.255.255.255     10.111.114.1     10.111.114.2     36
      96.6.77.116  255.255.255.255     10.111.114.1     10.111.114.2     36
     96.7.108.138  255.255.255.255     10.111.114.1     10.111.114.2     36
      104.66.3.38  255.255.255.255     10.111.114.1     10.111.114.2     36
     104.66.6.207  255.255.255.255     10.111.114.1     10.111.114.2     36
    104.66.17.215  255.255.255.255     10.111.114.1     10.111.114.2     36
   104.69.144.195  255.255.255.255     10.111.114.1     10.111.114.2     36
   104.69.145.156  255.255.255.255     10.111.114.1     10.111.114.2     36
   104.69.154.251  255.255.255.255     10.111.114.1     10.111.114.2     36
    104.69.169.43  255.255.255.255     10.111.114.1     10.111.114.2     36
   104.74.238.138  255.255.255.255     10.111.114.1     10.111.114.2     36
      104.75.5.12  255.255.255.255     10.111.114.1     10.111.114.2     36
     104.76.86.26  255.255.255.255     10.111.114.1     10.111.114.2     36
    104.76.161.24  255.255.255.255     10.111.114.1     10.111.114.2     36
   104.76.172.254  255.255.255.255     10.111.114.1     10.111.114.2     36
    104.78.26.187  255.255.255.255     10.111.114.1     10.111.114.2     36
   104.78.213.222  255.255.255.255     10.111.114.1     10.111.114.2     36
     104.78.222.8  255.255.255.255     10.111.114.1     10.111.114.2     36
   104.80.137.129  255.255.255.255     10.111.114.1     10.111.114.2     36
   104.80.156.120  255.255.255.255     10.111.114.1     10.111.114.2     36
     104.81.89.29  255.255.255.255     10.111.114.1     10.111.114.2     36
     104.83.12.27  255.255.255.255     10.111.114.1     10.111.114.2     36
     104.83.66.10  255.255.255.255     10.111.114.1     10.111.114.2     36
   104.84.145.136  255.255.255.255     10.111.114.1     10.111.114.2     36
    104.87.224.95  255.255.255.255     10.111.114.1     10.111.114.2     36
     104.88.9.197  255.255.255.255     10.111.114.1     10.111.114.2     36
     104.88.27.51  255.255.255.255     10.111.114.1     10.111.114.2     36
    104.88.229.99  255.255.255.255     10.111.114.1     10.111.114.2     36
   104.88.235.101  255.255.255.255     10.111.114.1     10.111.114.2     36
    104.92.72.120  255.255.255.255     10.111.114.1     10.111.114.2     36
     104.92.95.64  255.255.255.255     10.111.114.1     10.111.114.2     36
    104.94.54.189  255.255.255.255     10.111.114.1     10.111.114.2     36
   104.101.66.112  255.255.255.255     10.111.114.1     10.111.114.2     36
   104.101.86.253  255.255.255.255     10.111.114.1     10.111.114.2     36
   104.103.56.217  255.255.255.255     10.111.114.1     10.111.114.2     36
   104.103.65.189  255.255.255.255     10.111.114.1     10.111.114.2     36
  104.103.221.125  255.255.255.255     10.111.114.1     10.111.114.2     36
  104.103.230.109  255.255.255.255     10.111.114.1     10.111.114.2     36
  104.106.179.159  255.255.255.255     10.111.114.1     10.111.114.2     36
   104.106.190.50  255.255.255.255     10.111.114.1     10.111.114.2     36
   104.108.129.26  255.255.255.255     10.111.114.1     10.111.114.2     36
  104.108.130.228  255.255.255.255     10.111.114.1     10.111.114.2     36
   104.110.72.183  255.255.255.255     10.111.114.1     10.111.114.2     36
     104.111.3.24  255.255.255.255     10.111.114.1     10.111.114.2     36
   104.111.18.199  255.255.255.255     10.111.114.1     10.111.114.2     36
   104.111.19.166  255.255.255.255     10.111.114.1     10.111.114.2     36
   104.111.140.53  255.255.255.255     10.111.114.1     10.111.114.2     36
  104.111.148.246  255.255.255.255     10.111.114.1     10.111.114.2     36
   104.111.160.41  255.255.255.255     10.111.114.1     10.111.114.2     36
  104.111.182.254  255.255.255.255     10.111.114.1     10.111.114.2     36
   104.112.51.111  255.255.255.255     10.111.114.1     10.111.114.2     36
    104.112.52.32  255.255.255.255     10.111.114.1     10.111.114.2     36
   104.113.82.133  255.255.255.255     10.111.114.1     10.111.114.2     36
   104.113.97.110  255.255.255.255     10.111.114.1     10.111.114.2     36
    104.116.20.92  255.255.255.255     10.111.114.1     10.111.114.2     36
   104.116.25.187  255.255.255.255     10.111.114.1     10.111.114.2     36
   104.116.37.228  255.255.255.255     10.111.114.1     10.111.114.2     36
     104.116.40.2  255.255.255.255     10.111.114.1     10.111.114.2     36
  104.117.253.221  255.255.255.255     10.111.114.1     10.111.114.2     36
   104.118.90.172  255.255.255.255     10.111.114.1     10.111.114.2     36
  104.118.126.134  255.255.255.255     10.111.114.1     10.111.114.2     36
   104.120.11.137  255.255.255.255     10.111.114.1     10.111.114.2     36
   104.124.164.59  255.255.255.255     10.111.114.1     10.111.114.2     36
   104.124.173.66  255.255.255.255     10.111.114.1     10.111.114.2     36
   115.146.118.38  255.255.255.255     10.111.114.1     10.111.114.2     36
  115.146.118.242  255.255.255.255     10.111.114.1     10.111.114.2     36
    116.197.28.24  255.255.255.255     10.111.114.1     10.111.114.2     36
   116.197.36.189  255.255.255.255     10.111.114.1     10.111.114.2     36
   125.252.238.20  255.255.255.255     10.111.114.1     10.111.114.2     36
        127.0.0.0        255.0.0.0            在链路上         127.0.0.1    331
        127.0.0.1  255.255.255.255            在链路上         127.0.0.1    331
  127.255.255.255  255.255.255.255            在链路上         127.0.0.1    331
      169.254.0.0      255.255.0.0            在链路上   169.254.207.206    311
  169.254.207.206  255.255.255.255            在链路上   169.254.207.206    311
  169.254.255.255  255.255.255.255            在链路上   169.254.207.206    311
    172.224.92.10  255.255.255.255     10.111.114.1     10.111.114.2     36
  172.224.104.136  255.255.255.255     10.111.114.1     10.111.114.2     36
  173.223.177.127  255.255.255.255     10.111.114.1     10.111.114.2     36
    173.252.73.48  255.255.255.255     10.111.114.1     10.111.114.2     65
   174.36.228.136  255.255.255.255     10.111.114.1     10.111.114.2     65
     174.37.54.20  255.255.255.255     10.111.114.1     10.111.114.2     65
   174.37.175.229  255.255.255.255     10.111.114.1     10.111.114.2     65
    184.25.158.97  255.255.255.255     10.111.114.1     10.111.114.2     36
    184.25.216.90  255.255.255.255     10.111.114.1     10.111.114.2     36
   184.26.194.101  255.255.255.255     10.111.114.1     10.111.114.2     36
   184.26.208.221  255.255.255.255     10.111.114.1     10.111.114.2     36
   184.26.218.144  255.255.255.255     10.111.114.1     10.111.114.2     36
   184.26.246.117  255.255.255.255     10.111.114.1     10.111.114.2     36
    184.26.255.28  255.255.255.255     10.111.114.1     10.111.114.2     36
   184.30.210.217  255.255.255.255     10.111.114.1     10.111.114.2     36
     184.31.40.31  255.255.255.255     10.111.114.1     10.111.114.2     36
    184.31.165.63  255.255.255.255     10.111.114.1     10.111.114.2     36
     184.50.98.58  255.255.255.255     10.111.114.1     10.111.114.2     36
   184.51.182.254  255.255.255.255     10.111.114.1     10.111.114.2     36
    184.84.55.170  255.255.255.255     10.111.114.1     10.111.114.2     36
   184.85.121.164  255.255.255.255     10.111.114.1     10.111.114.2     36
    184.87.52.213  255.255.255.255     10.111.114.1     10.111.114.2     36
     184.87.59.69  255.255.255.255     10.111.114.1     10.111.114.2     36
    184.87.66.179  255.255.255.255     10.111.114.1     10.111.114.2     36
    184.87.94.155  255.255.255.255     10.111.114.1     10.111.114.2     36
     184.87.133.2  255.255.255.255     10.111.114.1     10.111.114.2     36
      192.168.0.0    255.255.255.0            在链路上     192.168.0.108    291
    192.168.0.108  255.255.255.255            在链路上     192.168.0.108    291
    192.168.0.255  255.255.255.255            在链路上     192.168.0.108    291
    192.168.137.0    255.255.255.0            在链路上     192.168.137.1    291
    192.168.137.1  255.255.255.255            在链路上     192.168.137.1    291
  192.168.137.255  255.255.255.255            在链路上     192.168.137.1    291
    192.168.217.0    255.255.255.0            在链路上     192.168.217.1    291
    192.168.217.1  255.255.255.255            在链路上     192.168.217.1    291
  192.168.217.255  255.255.255.255            在链路上     192.168.217.1    291
    199.16.156.40  255.255.255.255     10.111.114.1     10.111.114.2     65
   199.16.158.190  255.255.255.255     10.111.114.1     10.111.114.2     65
    202.43.57.172  255.255.255.255     10.111.114.1     10.111.114.2     36
   208.43.237.140  255.255.255.255     10.111.114.1     10.111.114.2     65
    208.64.202.84  255.255.255.255     10.111.114.1     10.111.114.2     36
    208.101.21.43  255.255.255.255     10.111.114.1     10.111.114.2     65
        224.0.0.0        240.0.0.0            在链路上         127.0.0.1    331
        224.0.0.0        240.0.0.0            在链路上     192.168.0.108    291
        224.0.0.0        240.0.0.0            在链路上   169.254.207.206    311
        224.0.0.0        240.0.0.0            在链路上     192.168.217.1    291
        224.0.0.0        240.0.0.0            在链路上     192.168.137.1    291
        224.0.0.0        240.0.0.0            在链路上      10.111.114.2    291
  255.255.255.255  255.255.255.255            在链路上         127.0.0.1    331
  255.255.255.255  255.255.255.255            在链路上     192.168.0.108    291
  255.255.255.255  255.255.255.255            在链路上   169.254.207.206    311
  255.255.255.255  255.255.255.255            在链路上     192.168.217.1    291
  255.255.255.255  255.255.255.255            在链路上     192.168.137.1    291
  255.255.255.255  255.255.255.255            在链路上      10.111.114.2    291
===========================================================================
永久路由:
  无

IPv6 路由表
===========================================================================
活动路由:
 接口跃点数网络目标                网关
  1    331 ::1/128                  在链路上
 15    291 fe80::/64                在链路上
 15    291 fe80::5914:7fc2:56fe:3271/128
                                    在链路上
  1    331 ff00::/8                 在链路上
 15    291 ff00::/8                 在链路上
===========================================================================
永久路由:
  无

接口: 192.168.0.108 --- 0xc
  Internet 地址         物理地址              类型
  192.168.0.1           cc-08-fb-8b-45-b4     动态        
  192.168.0.100         34-42-62-42-29-bf     动态        
  192.168.0.101         34-08-bc-54-e8-7a     动态        
  192.168.0.102         2c-1f-23-54-b6-49     动态        
  192.168.0.103         e0-dd-c0-98-1d-76     动态        
  192.168.0.255         ff-ff-ff-ff-ff-ff     静态        
  224.0.0.22            01-00-5e-00-00-16     静态        
  224.0.0.251           01-00-5e-00-00-fb     静态        
  224.0.0.252           01-00-5e-00-00-fc     静态        
  225.3.188.117         01-00-5e-03-bc-75     静态        
  225.113.208.58        01-00-5e-71-d0-3a     静态        
  225.126.119.125       01-00-5e-7e-77-7d     静态        
  227.82.22.210         01-00-5e-52-16-d2     静态        
  227.93.23.116         01-00-5e-5d-17-74     静态        
  227.221.207.182       01-00-5e-5d-cf-b6     静态        
  230.58.199.116        01-00-5e-3a-c7-74     静态        
  230.221.204.120       01-00-5e-5d-cc-78     静态        
  230.234.238.120       01-00-5e-6a-ee-78     静态        
  231.187.4.113         01-00-5e-3b-04-71     静态        
  232.19.18.14          01-00-5e-13-12-0e     静态        
  233.219.188.117       01-00-5e-5b-bc-75     静态        
  234.58.168.60         01-00-5e-3a-a8-3c     静态        
  239.132.46.27         01-00-5e-04-2e-1b     静态        
  239.255.255.250       01-00-5e-7f-ff-fa     静态        
  255.255.255.255       ff-ff-ff-ff-ff-ff     静态        

接口: 192.168.137.1 --- 0xd
  Internet 地址         物理地址              类型
  192.168.137.255       ff-ff-ff-ff-ff-ff     静态        
  224.0.0.22            01-00-5e-00-00-16     静态        
  224.0.0.251           01-00-5e-00-00-fb     静态        
  224.0.0.252           01-00-5e-00-00-fc     静态        
  225.3.188.117         01-00-5e-03-bc-75     静态        
  225.113.208.58        01-00-5e-71-d0-3a     静态        
  225.126.119.125       01-00-5e-7e-77-7d     静态        
  227.82.22.210         01-00-5e-52-16-d2     静态        
  227.93.23.116         01-00-5e-5d-17-74     静态        
  227.221.207.182       01-00-5e-5d-cf-b6     静态        
  230.58.199.116        01-00-5e-3a-c7-74     静态        
  230.221.204.120       01-00-5e-5d-cc-78     静态        
  230.234.238.120       01-00-5e-6a-ee-78     静态        
  231.187.4.113         01-00-5e-3b-04-71     静态        
  232.19.18.14          01-00-5e-13-12-0e     静态        
  233.219.188.117       01-00-5e-5b-bc-75     静态        
  234.58.168.60         01-00-5e-3a-a8-3c     静态        
  239.132.46.27         01-00-5e-04-2e-1b     静态        
  239.255.255.250       01-00-5e-7f-ff-fa     静态        

接口: 10.111.114.2 --- 0xf
  Internet 地址         物理地址              类型
  10.111.114.1          00-ff-95-ce-31-e1     动态        
  10.111.114.255        ff-ff-ff-ff-ff-ff     静态        
  224.0.0.22            01-00-5e-00-00-16     静态        
  224.0.0.251           01-00-5e-00-00-fb     静态        
  224.0.0.252           01-00-5e-00-00-fc     静态        
  225.3.188.117         01-00-5e-03-bc-75     静态        
  225.113.208.58        01-00-5e-71-d0-3a     静态        
  225.126.119.125       01-00-5e-7e-77-7d     静态        
  227.82.22.210         01-00-5e-52-16-d2     静态        
  227.93.23.116         01-00-5e-5d-17-74     静态        
  227.221.207.182       01-00-5e-5d-cf-b6     静态        
  230.58.199.116        01-00-5e-3a-c7-74     静态        
  230.221.204.120       01-00-5e-5d-cc-78     静态        
  230.234.238.120       01-00-5e-6a-ee-78     静态        
  231.187.4.113         01-00-5e-3b-04-71     静态        
  232.19.18.14          01-00-5e-13-12-0e     静态        
  233.219.188.117       01-00-5e-5b-bc-75     静态        
  234.58.168.60         01-00-5e-3a-a8-3c     静态        
  239.132.46.27         01-00-5e-04-2e-1b     静态        
  239.255.255.250       01-00-5e-7f-ff-fa     静态        
  255.255.255.255       ff-ff-ff-ff-ff-ff     静态        

接口: 169.254.207.206 --- 0x12
  Internet 地址         物理地址              类型
  169.254.255.255       ff-ff-ff-ff-ff-ff     静态        
  224.0.0.22            01-00-5e-00-00-16     静态        
  224.0.0.251           01-00-5e-00-00-fb     静态        
  224.0.0.252           01-00-5e-00-00-fc     静态        
  225.3.188.117         01-00-5e-03-bc-75     静态        
  225.113.208.58        01-00-5e-71-d0-3a     静态        
  225.126.119.125       01-00-5e-7e-77-7d     静态        
  227.82.22.210         01-00-5e-52-16-d2     静态        
  227.93.23.116         01-00-5e-5d-17-74     静态        
  227.221.207.182       01-00-5e-5d-cf-b6     静态        
  230.58.199.116        01-00-5e-3a-c7-74     静态        
  230.221.204.120       01-00-5e-5d-cc-78     静态        
  230.234.238.120       01-00-5e-6a-ee-78     静态        
  231.187.4.113         01-00-5e-3b-04-71     静态        
  232.19.18.14          01-00-5e-13-12-0e     静态        
  233.219.188.117       01-00-5e-5b-bc-75     静态        
  234.58.168.60         01-00-5e-3a-a8-3c     静态        
  239.132.46.27         01-00-5e-04-2e-1b     静态        
  239.255.255.250       01-00-5e-7f-ff-fa     静态        

接口: 192.168.217.1 --- 0x18
  Internet 地址         物理地址              类型
  192.168.217.255       ff-ff-ff-ff-ff-ff     静态        
  224.0.0.22            01-00-5e-00-00-16     静态        
  224.0.0.251           01-00-5e-00-00-fb     静态        
  224.0.0.252           01-00-5e-00-00-fc     静态        
  225.3.188.117         01-00-5e-03-bc-75     静态        
  225.113.208.58        01-00-5e-71-d0-3a     静态        
  225.126.119.125       01-00-5e-7e-77-7d     静态        
  227.82.22.210         01-00-5e-52-16-d2     静态        
  227.93.23.116         01-00-5e-5d-17-74     静态        
  227.221.207.182       01-00-5e-5d-cf-b6     静态        
  230.58.199.116        01-00-5e-3a-c7-74     静态        
  230.221.204.120       01-00-5e-5d-cc-78     静态        
  230.234.238.120       01-00-5e-6a-ee-78     静态        
  231.187.4.113         01-00-5e-3b-04-71     静态        
  232.19.18.14          01-00-5e-13-12-0e     静态        
  233.219.188.117       01-00-5e-5b-bc-75     静态        
  234.58.168.60         01-00-5e-3a-a8-3c     静态        
  239.132.46.27         01-00-5e-04-2e-1b     静态        
  239.255.255.250       01-00-5e-7f-ff-fa     静态        
Process information for ZHOU:

Name                Pid Pri Thd  Hnd   Priv        CPU Time    Elapsed Time 
Idle                  0   0   4    0     60    22:50:13.500    16:33:53.102
System                4   8 180 6843    196     0:24:11.062    16:33:53.102
Registry            104   8   4    0  17344     0:00:03.875    16:33:57.246
smss                428  11   2   53   1156     0:00:00.218    16:33:53.097
csrss               668  13  11  875   1872     0:00:03.062    16:33:44.925
wininit             776  13   1  157   1400     0:00:00.109    16:33:43.541
csrss               784  13  23  964   3112     0:01:14.796    16:33:43.534
services            848   9  13  888   6324     0:00:14.078    16:33:43.461
lsass               864   9   9 2147  11520     0:00:11.890    16:33:43.431
winlogon            936  13   5  275   2668     0:00:00.234    16:33:43.268
svchost             500   8   2   86    960     0:00:00.000    16:33:43.209
fontdrvhost         520   8   5   32   5972     0:00:03.484    16:33:43.195
fontdrvhost         532   8   5   32   1928     0:00:00.046    16:33:43.195
svchost             524   8  23 1373  15704     0:00:20.796    16:33:43.190
WUDFHost            560  13  10  314   4212     0:00:00.125    16:33:43.186
svchost            1092   8  14 1607  10064     0:00:28.375    16:33:43.050
svchost            1168   8   6  305   2956     0:00:01.234    16:33:43.015
dwm                1240  13  13 1453 154320     0:09:53.593    16:33:42.943
svchost            1372   8   3  187   1692     0:00:00.328    16:33:42.825
svchost            1516   8   5  261   2724     0:00:00.171    16:33:42.784
svchost            1524   8   3  228   3124     0:00:00.953    16:33:42.783
svchost            1532   8   3  165   2228     0:00:00.156    16:33:42.781
svchost            1540   8  13  408   6560     0:00:02.421    16:33:42.780
svchost            1644   8   2  129   1476     0:00:00.015    16:33:42.725
svchost            1712   8   8  359   2912     0:00:02.546    16:33:42.693
svchost            1732   8   3  275   2424     0:00:00.093    16:33:42.684
svchost            1780   8  16  184   2232     0:00:00.062    16:33:42.670
svchost            1804   8  10  475  16356     0:01:29.437    16:33:42.653
svchost            1848   8   3  227   2456     0:00:00.515    16:33:42.642
svchost            2008   8   6  180   6064     0:00:00.515    16:33:42.569
svchost            1444   8   8  242   2520     0:00:06.828    16:33:42.513
svchost            2120   8   7  203   8696     0:00:15.140    16:33:42.462
svchost            2148   8   6  180   2560     0:00:04.437    16:33:42.440
NVDisplay.Container  2248   8   7  318   4384     0:00:00.406    16:33:42.384
svchost            2256   8  13  403   5296     0:00:03.515    16:33:42.382
svchost            2316   8   5  452   2996     0:00:00.250    16:33:42.336
svchost            2328   8   6  234   2652     0:00:33.156    16:33:42.334
svchost            2364   8   3  265   1316     0:00:00.140    16:33:42.322
Memory Compression  2412   8  62    0   1396     0:00:35.375    16:33:42.297
svchost            2428   8  13  317   3572     0:00:55.625    16:33:42.291
svchost            2436   8   2  226   2232     0:00:00.046    16:33:42.288
igfxCUIService     2504   8   2  171   1860     0:00:00.031    16:33:42.248
svchost            2556   8   3  235   2036     0:00:01.843    16:33:42.207
svchost            2564   8   5  165   1740     0:00:00.515    16:33:42.200
svchost            2676   8  17  559   8252     0:00:13.671    16:33:42.128
svchost            2684   8  11  575   3360     0:00:04.375    16:33:42.126
NVDisplay.Container  2692   8  25  623  34544     0:00:07.218    16:33:42.125
svchost            2948   8   5  199   2044     0:00:02.593    16:33:41.851
WmiPrvSE           2996   8   8  492  31024     0:00:19.843    16:33:41.799
svchost            2496   8  10  406   3892     0:00:01.765    16:33:41.499
svchost            2972   8  10  491   4116     0:00:03.156    16:33:41.410
svchost            3188   8   5  141   1792     0:00:00.687    16:33:41.185
svchost            3196   8  13  382   3172     0:00:00.640    16:33:41.181
ZhuDongFangYu      3212   8  15  409   9524     0:00:05.359    16:33:41.168
sihost             3412   8  15  802   9852     0:00:13.546    16:33:40.959
svchost            3448   8  15  505  11592     0:00:21.812    16:33:40.929
svchost            3516   8  14  523   6832     0:00:01.390    16:33:40.871
PresentationFontCache  3592   8   4  237  24728     0:00:00.171    16:33:40.803
svchost            3640   8   9  585   8868     0:00:04.000    16:33:40.731
svchost            3652   8   4  206   2708     0:00:00.390    16:33:40.725
svchost            3728   8   6  279   3940     0:00:09.062    16:33:40.682
taskhostw          3836   8   9  343  11408     0:00:01.687    16:33:40.630
spoolsv            3928   8  10  445   5716     0:00:00.281    16:33:40.564
svchost            4060   8  16  450  24356     0:00:10.734    16:33:40.518
svchost            3404   8   6  191   2092     0:00:00.125    16:33:40.458
svchost            3536   8   4  172   1820     0:00:00.046    16:33:40.450
wlanext            4140   8   1   99   1076     0:00:00.015    16:33:40.405
conhost            4156   8   2  118   6400     0:00:00.015    16:33:40.394
ctfmon             4180  13  12  704  11500     0:00:20.656    16:33:40.378
igfxEM             4500   8   5  246   4008     0:00:00.671    16:33:40.071
explorer           4664   8  96 3696 100636     0:02:47.093    16:33:39.907
svchost            4908   8   6  212   2400     0:00:00.234    16:33:39.380
ChsIME             4976   8  50 1098  15924     0:00:10.984    16:33:39.306
AppleMobileDeviceService  5060   8  11  284   4240     0:00:03.625    16:33:39.245
IntelCpHDCPSvc     5072   8   3  145   1460     0:00:00.015    16:33:39.234
mDNSResponder      5088   8   2  182   2280     0:00:03.125    16:33:39.232
svchost            5100   8   6  296   3924     0:00:01.031    16:33:39.227
svchost            4160   8   5  215   2048     0:00:00.156    16:33:39.215
svchost            4472   8  17  417  34640     0:00:15.062    16:33:39.191
FNPLicensingService  4716   8   6  223   2636     0:00:01.343    16:33:39.187
esif_uf            4872  13   3  129   1796     0:00:00.031    16:33:39.184
ibtsiva            3508   8   1   88   1036     0:00:00.031    16:33:39.179
svchost            4780   8   9  492   4304     0:00:01.046    16:33:39.164
IpOverUsbSvc       5136   8   6  274   8288     0:00:00.265    16:33:39.147
svchost            5144   8   5  268   2676     0:00:00.281    16:33:39.146
sqlservr           5168   8  33  501  43316     0:01:43.796    16:33:39.132
nvcontainer        5228   8  39  712  13048     0:00:05.406    16:33:39.106
dptf_helper        5240   8   3   81   1488     0:00:00.062    16:33:39.103
PnkBstrA           5312   8   2  164   1412     0:00:00.140    16:33:39.075
QQProtect          5324   8  19  393  17704     0:00:01.125    16:33:39.072
SangforPromoteService  5360   8  14  435   4988     0:00:09.078    16:33:39.064
svchost            5400   8   2  135   1636     0:00:00.015    16:33:39.033
svchost            5416   8   4  204   1964     0:00:00.015    16:33:39.026
OriginWebHelperService  5448   4  14  379   5848     0:00:01.625    16:33:39.021
vmware-authd       5480   8   6  320   9408     0:00:36.406    16:33:38.988
vmnetdhcp          5528   8   2   87   7784     0:00:00.015    16:33:38.971
sqlwriter          5536   8   2  139   1880     0:00:00.031    16:33:38.969
vmware-usbarbitrator64  5544   8   3  227   2748     0:00:00.218    16:33:38.964
jtagserver         5572   8   3   81   1012     0:00:00.015    16:33:38.955
svchost            5632   8  11  316   2840     0:00:01.265    16:33:38.916
svchost            5640   8  11  449   5452     0:00:00.484    16:33:38.916
vmnat              5704   8   4  174   2504     0:00:00.109    16:33:38.890
WavesSysSvc64      5712   8   1  283   4256     0:00:00.031    16:33:38.889
MsMpEng            5728   8  30 2560 526660     0:08:35.609    16:33:38.886
svchost            5752   8   6  320   3860     0:00:00.265    16:33:38.881
svchost            5764   8  24  400   8436     0:00:00.453    16:33:38.877
svchost            5816   8   8  417   5028     0:00:00.875    16:33:38.853
dasHost            5880   8   3  402   4924     0:00:00.312    16:33:38.825
svchost            5904   8  11  210   2236     0:00:00.046    16:33:38.815
IntelCpHeciSvc     6224   8   3  136   1384     0:00:00.015    16:33:38.642
svchost            6332   8  15  413   3736     0:00:00.609    16:33:38.572
ECAgent            6368   8   8  242   3968     0:00:05.453    16:33:38.534
rundll32           6476   8   2  144   1708     0:00:00.015    16:33:38.446
vmware-hostd       6932   8  19  428  33652     0:00:02.421    16:33:38.082
svchost            7124   8   4  119   2000     0:00:00.062    16:33:37.744
svchost            7220   8   4  164   1780     0:00:00.562    16:33:37.510
svchost            7360   8  15  478   8432     0:00:01.265    16:33:37.309
svchost            7472   8   2  171   1600     0:00:00.031    16:33:37.169
svchost            6496   8   2  146   1616     0:00:00.015    16:33:35.687
svchost            6440   8   3  211   2100     0:00:00.093    16:33:35.686
StartMenuExperienceHost  6184   8  13  767  43696     0:00:06.234    16:33:35.613
svchost            7264   8   5  276   2884     0:00:00.421    16:33:35.489
nvcontainer        8196   8  26  430  33092     0:00:16.843    16:33:35.478
RuntimeBroker      8340   8   5  364   7008     0:00:01.484    16:33:35.190
SettingSyncHost    8444   6   7  571   9504     0:00:28.578    16:33:35.040
NisSrv             8584   8   8  197   9552     0:00:03.125    16:33:34.732
RuntimeBroker      9188   8  13  537   9284     0:00:12.156    16:33:33.842
SearchIndexer      9204   8  22  875  41952     0:00:35.546    16:33:33.781
SpeechRuntime      9540   8  17  643  20064     0:00:24.468    16:33:32.334
svchost            9648   8   4  226   2816     0:00:00.250    16:33:31.968
svchost           10004   8  10  323   4456     0:00:01.375    16:33:30.825
RemindersServer    9604   8   8  327   7628     0:00:00.500    16:33:30.370
WindowsInternal.ComposableShell.Experiences.TextInput.InputApp  8124   8  23  725  30180     0:00:03.140    16:33:29.925
YourPhone         10524   8  13  618  15768     0:00:00.562    16:33:29.480
NVIDIA Web Helper  6836   6  92  632  37232     0:00:02.562    16:33:25.639
conhost            4240   6   2  121   6524     0:00:00.234    16:33:25.590
ShellExperienceHost  4904   8  23  747  25256     0:00:02.187    16:33:23.666
RuntimeBroker      1832   8  12  412   4608     0:00:00.593    16:33:23.344
SystemSettingsBroker   872   8  15  517   7360     0:00:00.671    16:33:23.271
svchost           11336   8   7  225   2200     0:00:00.031    16:33:22.782
CastSrv           12100   8   7  333   3684     0:00:00.265    16:33:21.129
SecurityHealthSystray 11544   8   1  155   1748     0:00:00.031    16:33:20.278
SecurityHealthService 11700   8   7  423   4504     0:00:00.390    16:33:20.180
RuntimeBroker     11852   8   2  216   2824     0:00:00.156    16:33:19.928
WavesSvc64         4068   8   1  277   2984     0:00:00.421    16:33:19.139
svchost            8800   8   2  181   2108     0:00:00.062    16:33:18.429
iCloudServices     8968   8  13 1008  26912     0:00:09.625    16:33:18.411
APSDaemon         11748   8  11  520   8408     0:00:07.906    16:33:17.213
dllhost           11216   8   5  231   3452     0:00:00.109    16:33:16.398
svchost           12320   8   4  304   4428     0:00:00.453    16:33:15.839
secd              12476   8   9  440  10240     0:00:00.843    16:33:15.348
steam             12616   8  40 1187 133696     0:05:39.906    16:33:14.843
svchost           12632   8   7  234   4404     0:00:00.359    16:33:14.796
ApplePhotoStreams 13204   8  21  657  13880     0:00:01.156    16:33:12.958
svchost            5384   8   3  190   1916     0:00:01.437    16:33:07.149
vmware-tray       13400   8   3  198   3764     0:00:00.062    16:33:06.891
steamwebhelper    13524   8  23  911  32464     0:00:21.281    16:33:06.249
SteamService      13636   8   6  299   7248     0:00:01.015    16:33:05.864
steamwebhelper    13672   8   6  254   7872     0:00:00.046    16:33:05.732
steamwebhelper    13828   8  27  628 390112     0:10:01.046    16:33:05.545
steamwebhelper    13992   8   8  466  16504     0:00:13.234    16:33:05.271
steamwebhelper    13780  10  16  560  64016     0:00:02.156    16:32:46.528
steamwebhelper    14056   4  16  541 110836     0:01:42.765    16:32:46.327
IAStorIcon         9780   8   5  354  25512     0:00:00.593    16:32:19.635
svchost           11696   8   5  594   7904     0:00:01.453    16:31:40.658
svchost           11516   8   5  218   2184     0:00:00.062    16:31:24.619
aesm_service       4284   8   2  196   2752     0:00:00.093    16:31:24.115
svchost            6720   8   8  228   2612     0:00:00.093    16:31:22.338
DDVRulesProcessor 10396   8   6  262  17128     0:00:00.500    16:31:22.083
DSAPI             14104   8  22  706 114448     0:00:24.093    16:31:21.907
ServiceShell       4456   8  33 1005  53304     0:00:02.296    16:31:20.592
svchost            2380   8  11  298   5080     0:00:01.296    16:31:14.484
dllhost            5456   8  10  245   3872     0:00:00.265    16:31:08.675
msdtc             11244   8   9  221   3200     0:00:00.109    16:31:08.470
svchost           10520   8  10  448   6584     0:00:14.046    16:31:05.834
IAStorDataMgrSvc   4256   8   6  446  34204     0:00:01.531    16:31:05.673
svchost            5412   8   4  239   3020     0:00:08.453    16:31:05.661
SgrmBroker        14644   8   5   89   3824     0:00:00.375    16:31:04.235
SupportAssistAgent 14728   8  19  915 598800     0:00:20.375    16:31:03.818
DDVDataCollector  14792   8   6  331  26896     0:00:14.734    16:31:03.567
DDVCollectorSvcApi 14864   8   2  148   1580     0:00:00.015    16:31:03.367
nvapiw             9388   8   2  131   4004     0:00:00.031    16:30:43.312
svchost           10296   8   4  354   7568     0:00:01.593    16:30:42.297
svchost            8440   8   2  208   2100     0:00:00.078    16:04:57.601
svchost            2004   8   3  197   2032     0:00:00.125    16:04:56.777
svchost            2040   8   9  266   2728     0:00:00.062    16:04:56.770
Video.UI           8208   8  16  679  20880     0:00:00.656    14:22:22.090
RuntimeBroker     10852   8   2  164   1944     0:00:00.046    14:22:19.780
Microsoft.Photos  11120   8  16  916  64580     0:00:04.625    14:18:21.831
RuntimeBroker      5792   8   5  448  11380     0:00:02.687    14:18:20.432
svchost            1700   8   5  195   6276     0:00:00.046    14:17:50.227
SecurityHealthHost 10636   8   1  188   2276     0:00:00.046    14:11:45.658
ApplicationFrameHost 10316   8   4  507  18804     0:00:03.000    14:01:50.520
WinStore.App      14548   8  20  971  52472     0:00:01.734    14:01:50.514
RuntimeBroker     10772   8   2  297   4708     0:00:00.421    14:01:50.171
SystemSettings     8868   8  23  873  22804     0:00:00.843    14:01:40.215
LockApp           14108   8  24  636  30140     0:00:00.437    11:54:52.140
RuntimeBroker     12516   8   5  382   8680     0:00:00.734    11:54:51.890
AppleIEDAV        10880   8  24  669  16532     0:00:01.125     2:24:04.294
audiodg           14704   8   5  243  10568     0:03:51.515     2:24:03.684
svchost            5736   8   4  118   1364     0:00:00.031     2:24:00.153
SearchUI          16116   8  46 1441  85916     0:00:02.296     2:23:51.605
svchost           16080   8  15  557  10720     0:00:00.218     2:23:44.805
TIM               16076   8  69 1440 143656     0:02:33.593     2:23:42.611
TXPlatform        15576   8   2  214   4048     0:00:00.062     2:23:41.969
smartscreen        5912   8  15  436  13144     0:00:00.359     2:09:23.766
chrome             4812   8  33 2583 217640     0:00:50.500     2:09:23.675
chrome             9632   8   6  363   2672     0:00:00.296     2:09:23.264
chrome             7980   8   2  159   2544     0:00:00.359     2:09:22.928
chrome            15216   8  10  736 143972     0:00:20.875     2:09:22.826
chrome             5252   8  12  498  18872     0:00:08.187     2:09:22.821
chrome            12408   8  11  322  37960     0:00:02.031     2:09:22.621
chrome            14576   4  12  354  82848     0:00:04.015     2:09:22.558
chrome            14884   8  11  294 179540     0:00:12.343     2:09:22.419
chrome            10088   8  12  300  45924     0:00:01.578     2:09:21.856
chrome              268   8  11  289  28300     0:00:00.515     2:09:21.828
chrome             6752   8  11  327  27296     0:00:00.609     2:09:21.771
chrome             5788   8  11  288  20996     0:00:00.343     2:09:21.688
chrome            14284   8  13  305  54276     0:00:04.140     2:09:21.650
chrome             1064   8  11  321  24400     0:00:00.468     2:09:21.528
chrome            12044   8  11  294  29436     0:00:00.828     2:09:21.359
chrome            12484   8  11  295  31740     0:00:01.046     2:09:21.315
chrome            14092   8  11  288  21252     0:00:00.500     2:09:21.155
chrome            16796   8  11  290  25084     0:00:00.484     2:09:21.148
chrome            14460   8  11  353  41408     0:00:01.125     2:09:21.140
chrome             7760   8  11  288  25820     0:00:00.687     2:09:21.134
chrome            11540   8  11  305  34728     0:00:01.625     2:09:21.127
chrome            15964   8  11  327  27364     0:00:00.578     2:09:21.121
chrome             6588   8  11  310  36684     0:00:01.250     2:09:21.114
cmd               10448   8   1   72   2172     0:00:00.031     2:09:19.702
cmd                8372   8   1   72   2168     0:00:00.031     2:09:19.511
conhost           10392   8   3  143   6968     0:00:00.015     2:09:19.443
conhost           16656   8   3  143   6960     0:00:00.031     2:09:19.154
AppleChromeDAV     9016   8  21  636  15632     0:00:01.218     2:09:18.993
360webshield      15504   8   2  140   1580     0:00:00.015     2:09:18.965
rundll32           8608   8   1  122   1704     0:00:00.046     2:06:50.456
chrome             8112   4  13  388  97516     0:00:15.296     1:50:48.838
ChsIME             2824   8   2  285   4576     0:00:00.125     1:48:15.740
heyboxacc         13452   8   6   91  23132     0:00:00.078     1:48:13.762
4714af9e-6ebe-4429-aced-73930440ef5e 13484  13  33  536  41040     0:01:08.078     1:48:12.948
steamwebhelper    15508   4  16  582  90484     0:00:09.328     1:14:50.363
chrome             5808   4  17  421 128860     0:00:13.125     1:13:18.662
chrome            10092   4  12  383 107364     0:00:11.296     1:13:13.380
chrome             2224   4  12  336  62032     0:00:02.640     0:50:03.403
chrome             7336   4  12  342  74976     0:00:06.000     0:49:47.619
explorer          10048   8  15  809  56604     0:00:08.265     0:45:15.971
DocBox            17376   8   8  492 106152     0:00:06.234     0:45:11.567
ACGPlayerUWP       7376   8  67 1573 218896     0:00:22.812     0:41:55.059
RuntimeBroker      8080   8   6  566   8768     0:00:01.140     0:41:53.849
cmd               15652   8   1   80   2432     0:00:00.125     0:39:34.455
conhost           11456   8   7  259   8556     0:00:12.437     0:39:34.416
chrome             2408   4  12  480 189208     0:00:14.281     0:32:30.681
chrome            14672   4  11  279  14804     0:00:00.375     0:32:25.189
explorer          13680   8  25 1012  29640     0:00:10.093     0:25:25.217
svchost           15808   8   5  146   3904     0:00:00.109     0:09:55.562
notepad++          2176   8   6  307  18440     0:00:14.218     0:07:50.257
svchost           12424   8  12  292   8264     0:00:00.250     0:05:53.929
svchost           13604   8   9  233   2976     0:00:00.046     0:03:27.989
backgroundTaskHost 15928   8  13  503  15692     0:00:00.250     0:00:56.333
SearchProtocolHost 15520   4   6  272   1908     0:00:00.015     0:00:42.064
SearchFilterHost   2404   4   4  128   1408     0:00:00.015     0:00:42.039
RuntimeBroker      8480   8   8  228   3136     0:00:00.093     0:00:41.131
WmiPrvSE          15824   8  11  211   4672     0:00:00.078     0:00:02.326
pslist            17356  13   3  250   3684     0:00:00.421     0:00:00.256
